
> belas-passadeiras-temp@0.1.0 dev
> next dev

  ▲ Next.js 14.2.35
  - Local:        http://localhost:3000
  - Environments: .env.local

 ✓ Starting...
 ✓ Ready in 1849ms
 ○ Compiling / ...
 ✓ Compiled / in 3.2s (519 modules)
 GET / 307 in 3551ms
 ○ Compiling /login ...
 ✓ Compiled /login in 3s (537 modules)
 GET /login 200 in 2966ms
 ✓ Compiled /favicon.ico in 167ms (316 modules)
 GET /favicon.ico 200 in 240ms
 ○ Compiling /entrada ...
 ✓ Compiled /entrada in 655ms (699 modules)
 ✓ Compiled /_not-found in 162ms (688 modules)
 GET /.well-known/appspecific/com.chrome.devtools.json 404 in 284ms
 ✓ Compiled in 422ms (659 modules)
 GET /entrada 200 in 87ms
 ✓ Compiled /_not-found in 162ms (648 modules)
 GET /.well-known/appspecific/com.chrome.devtools.json 404 in 265ms
 ✓ Compiled /favicon.ico in 153ms (368 modules)
 GET /favicon.ico 200 in 218ms
 ✓ Compiled in 304ms (659 modules)
 ✓ Compiled in 1079ms (324 modules)
 ✓ Compiled in 102ms (324 modules)
 ✓ Compiled in 125ms (324 modules)
 ✓ Compiled in 599ms (324 modules)
 ✓ Compiled in 113ms (324 modules)
 ✓ Compiled in 878ms (659 modules)
 ✓ Compiled in 321ms (659 modules)
 ✓ Compiled in 329ms (659 modules)
 ✓ Compiled in 574ms (701 modules)
[?25h
